[22:59:37] [Render thread/INFO] [JMLogger] JourneyMap log initialized.
[22:59:37] [Render thread/INFO] [JourneymapClient] initialize ENTER
[22:59:37] [Render thread/INFO] [ClientAPI] [ClientAPI] built with JourneyMap API 2.0.0
[22:59:37] [Render thread/INFO] [PluginHelper] Initialized IJourneyMapPlugin as:me.frankv.jmi.JMIJourneyMapPlugin: for:jmi
[22:59:37] [Render thread/INFO] [PluginHelper] Initialized IJourneyMapPlugin as:com.simibubi.create.compat.trainmap.JourneyTrainMap: for:create
[22:59:37] [Render thread/INFO] [PluginHelper] Initialized IJourneyMapPlugin as:net.blay09.mods.waystones.compat.JourneyMapIntegration: for:waystones
[22:59:37] [Render thread/DEBUG] [JourneymapClient] Loading and Generating Journeymap configs
[22:59:38] [Render thread/INFO] [?] Version: JourneyMap 1.21.1-6.0.9, built with neoforge 0.116.7+1.21.1
neoforge: 21.1.251
Environment: os.name, os.arch, java.version, user.country, user.language=null, game language=en_us, locale=en_us
SP: : minecraft : New World : 
MP: : Minecraft~Server : Minecraft~Server_05f470a7~ebeb~47ad~b3ce~4b62ca4c9c7a : offline : Stonebound~Server : Stonebound~Server_0254147e~fe13~40e7~9830~7703415756bc : Stonebound~Server_1e0da8d3~60f9~49b2~9b7e~34ed6fbaf1a7 : Stonebound~Server_6e364ebe~6c62~40cc~b6c6~0007904193ce : ~3Stonebound~7Eternal~1~8 : ~3Stonebound~7Eternal~1~8_05f470a7~ebeb~47ad~b3ce~4b62ca4c9c7a : 
Features: 
	RadarPlayers : singleplayer = true , multiplayer = true
	RadarAnimals : singleplayer = true , multiplayer = true
	RadarMobs : singleplayer = true , multiplayer = true
	RadarVillagers : singleplayer = true , multiplayer = true
	MapTopo : singleplayer = true , multiplayer = true
	MapSurface : singleplayer = true , multiplayer = true
	MapCaves : singleplayer = true , multiplayer = true
	MapBiome : singleplayer = true , multiplayer = true
MiniMapProperties{state=Valid, file=journeymap.minimap.config, configVersion=6.0.9, infoSlotTimeFormat=HH:mm:ss, zoomLevel=256, compassFontScale=1.0, infoSlotFontScale=2.0, terrainAlpha=100, showEntityNames=true, showPassiveNames=false, positionX=0.9, positionY=0.25, effectVertical=false, showPlayerHeading=true, sizePercent=30, playerDisplayScale=1.0, showDayNight=true, showPets=true, showPlayerNames=true, preferredMapType=day, showCompass=true, showNpcNames=false, mobDisplay=jm.common.entity_display.dots_and_outlined_icons, showHostileNames=false, systemTimeRealFormat=HH:mm:ss, shape=jm.minimap.shape_square, showSelf=true, showVillagerNames=false, selfDisplayScale=1.0, showGrid=true, reticleOrientation=jm.minimap.orientation.compass, minimapLockedMapType=jm.common.map_type.auto, effectTranslateX=0, info3LabelPosition=jm.minimap.info_slot.bottom, showWaypoints=true, info2LabelPosition=jm.minimap.info_slot.top, minimapKeyMovementSpeed=0.001, info1LabelPosition=jm.minimap.info_slot.top, showAnimals=true, infoSlotAlpha=0.7, effectTranslateY=0, showWaypointLabels=true, showAmbientNames=false, moveEffectIcons=true, showTeamNames=true, position=jm.minimap.position_topright, fontScale=1.0, info4LabelPosition=jm.minimap.info_slot.bottom, showPlayers=true, waypointIconScale=1.0, frameAlpha=100, effectReversed=false, backgroundAlpha=0.8, enabled=true, showVillagers=true, info2Label=jm.theme.labelsource.gametime, hudRenderLayer=jm.minimap.hud_render_layer_last, info3Label=jm.theme.labelsource.location, caveLayer=4, showMobs=true, waypointLabelScale=1.0, showReticle=true, orientation=jm.minimap.orientation.north, info4Label=jm.theme.labelsource.biome, locationFormat=xzyv, playerDisplay=jm.common.entity_display.outlined_icons, mobDisplayScale=1.0, showOffScreenPlayers=true, showCaves=true, hideEffectIcons=false, showMobHeading=true, locationFormatVerbose=true, showAmbientCreatures=false, showPetNames=false, info1Label=jm.theme.labelsource.blank, showNoIconNames=true}
MiniMapProperties{state=Valid, file=journeymap.minimap2.config, configVersion=6.0.9, infoSlotTimeFormat=HH:mm:ss, zoomLevel=512, compassFontScale=1.0, infoSlotFontScale=1.0, terrainAlpha=100, showEntityNames=false, showPassiveNames=false, positionX=0.9, positionY=0.25, effectVertical=false, showPlayerHeading=true, sizePercent=30, playerDisplayScale=1.0, showDayNight=true, showPets=true, showPlayerNames=true, preferredMapType=day, showCompass=true, showNpcNames=false, mobDisplay=jm.common.entity_display.dots_and_outlined_icons, showHostileNames=false, systemTimeRealFormat=HH:mm:ss, shape=jm.minimap.shape_rectangle, showSelf=true, showVillagerNames=false, selfDisplayScale=1.0, showGrid=true, reticleOrientation=jm.minimap.orientation.compass, minimapLockedMapType=jm.common.map_type.auto, effectTranslateX=0, info3LabelPosition=jm.minimap.info_slot.bottom, showWaypoints=true, info2LabelPosition=jm.minimap.info_slot.top, minimapKeyMovementSpeed=0.001, info1LabelPosition=jm.minimap.info_slot.top, showAnimals=true, infoSlotAlpha=0.7, effectTranslateY=0, showWaypointLabels=true, showAmbientNames=false, moveEffectIcons=true, showTeamNames=true, position=jm.minimap.position_topright, fontScale=1.0, info4LabelPosition=jm.minimap.info_slot.bottom, showPlayers=true, waypointIconScale=1.0, frameAlpha=100, effectReversed=false, backgroundAlpha=0.8, enabled=true, showVillagers=true, info2Label=jm.theme.labelsource.gametime, hudRenderLayer=jm.minimap.hud_render_layer_last, info3Label=jm.theme.labelsource.location, caveLayer=4, showMobs=true, waypointLabelScale=1.0, showReticle=true, orientation=jm.minimap.orientation.north, info4Label=jm.theme.labelsource.biome, locationFormat=xzyv, playerDisplay=jm.common.entity_display.outlined_icons, mobDisplayScale=1.0, showOffScreenPlayers=true, showCaves=true, hideEffectIcons=false, showMobHeading=true, locationFormatVerbose=true, showAmbientCreatures=false, showPetNames=false, info1Label=jm.theme.labelsource.blank, showNoIconNames=true}
FullMapProperties{state=Valid, file=journeymap.fullmap.config, configVersion=6.0.9, zoomLevel=512, minimalMode=false, showPlayers=true, waypointIconScale=1.0, showEntityNames=false, showPassiveNames=false, showPlayerHeading=true, showVillagers=true, showPlayerLoc=true, showKeys=true, playerDisplayScale=1.0, showMobs=true, showPets=true, waypointLabelScale=1.0, showPlayerNames=true, preferredMapType=day, showNpcNames=false, mobDisplay=jm.common.entity_display.dots_and_outlined_icons, showHostileNames=false, pauseGame=false, showSelf=true, locationFormat=xzyv, playerDisplay=jm.common.entity_display.outlined_icons, showVillagerNames=false, mobDisplayScale=1.0, selfDisplayScale=1.0, showOffScreenPlayers=true, showGrid=true, showMouseLoc=true, showWaypoints=true, showCaves=true, showThemeButton=true, showAnimals=true, showMobHeading=true, showWaypointLabels=true, locationFormatVerbose=true, showAmbientNames=false, showAmbientCreatures=false, showTeamNames=true, showPetNames=false, fontScale=2.0, showNoIconNames=true}
WaypointProperties{state=Valid, file=journeymap.waypoint.config, configVersion=6.0.9, autoRemoveDeathpointDistance=2, showPlayers=false, dateFormat=MM-dd-yyyy, autoHideIconAngle=5, playerMaxDistance=0, autoRemoveDeathpoints=false, autoHideIcon=false, autoHideLabelAngle=5, renderWaypointsWorld=true, showLabelBackground=true, showDeleteConfirmation=true, managerDimensionFocus=false, fullscreenDoubleClickToCreate=true, minDistance=4, coordinatesFormat=XZY, boldLabel=false, disableShare=false, showDeathpointlabel=true, autoHideLabelVertical=true, textureSmall=true, useActionsButton=false, beaconEnabled=true, createDeathpoints=true, disableStrikeThrough=false, renderWaypointsMap=true, showName=true, autoHideLabelVerticalAngle=10, maxDistance=0, ignoreRenderDistance=false, autoHideLabel=true, autoRemoveTempWaypoints=2, teleportCommand=/execute in {dim} run tp {name} {x} {y} {z}, showStaticBeam=true, renderWaypoints=true, wholeNumberTeleportCoords=false, timeFormat=HH:mm:ss, shaderBeacon=false, playerMinDistance=10, showDistance=true, showRotatingBeam=true, fontScale=2.0, managerEnabled=true}
WebMapProperties{state=Valid, file=journeymap.webmap.config, configVersion=6.0.9, port=8080, enabled=false}
CoreProperties{state=Valid, file=journeymap.core.config, configVersion=6.0.9, maxPlayersData=32, mapSurfaceAboveCaves=true, dataCachingEnabled=true, maxAmbientCreaturesData=32, optionsManagerViewed=6.0.2, announceMod=true, ignoreSnow=false, colorPassive=#bbbbbb, colorPassiveLabel=#bbbbbb, mapShadows=true, mapBlendWater=true, playerIconFade=true, renderDistanceSurfaceMax=0, seedId=false, colorPetLabel=#0077ff, radarVerticalDistance=16, mapBlendGrass=true, recordCacheStats=false, hideSneakingEntities=true, initialSortOrder=Name, colorPlayerLabel=#ffffff, revealShape=jm.minimap.shape_circle, mapBiome=true, minimapPresetOverlay=true, caveShader=jm.common.map_filter.default, colorVillagerLabel=#88e188, alwaysMapSurface=false, biomeShader=jm.common.map_filter.default, colorVillager=#88e188, mapPlants=false, colorPet=#0077ff, sortDescending=true, radarLateralDistance=64, mapBathymetry=false, mapCrops=true, maxMobsData=32, dayShader=jm.common.map_filter.default, mapPlantShadows=false, alwaysMapCaves=false, checkUpdates=true, colorHostileLabel=#ff0000, mapBlendFoliage=true, netherSurfaceLighting=true, topoMax=0, hideSpectators=false, mappingEnabled=true, colorPlayer=#ffffff, cacheVillagersData=2200, minimapMapTypeOverlay=true, logLevel=INFO, maxVillagersData=32, mapWaterBiomeColors=true, maxAnimalsData=32, mapTransparency=true, caveBlackAsClear=false, caveModeThreshold=2, legacyIcons=false, netherShader=jm.common.map_filter.default, caveIgnoreGlass=true, mapTopography=true, renderDistanceCaveMax=0, mapAntialiasing=true, colorSelf=#0000ff, cachePlayersData=2000, mapOnlyPlayerChunk=false, nightShader=jm.common.map_filter.default, cacheMobsData=3000, drawStepUpdateRate=500, cachePlayerData=1000, splashViewed=6.0.9, colorHostile=#ff0000, topoShader=jm.common.map_filter.default, allowMiniMapBehindScreens=true, cacheAnimalsData=3100, ignoreHeightmaps=false, lodsEnabled=true, themeName=Vault Flat, mapCaveLighting=true, renderDelay=500, mobIconFade=true, serverIp=false, glErrorChecking=false, autoMapPoll=2000}
[22:59:38] [Render thread/INFO] [JourneymapClient] initialize EXIT, elapsed count 1 avg 199.82ms
[22:59:50] [Render thread/DEBUG] [StatTimer] Tick.MappingMonitorTask warmup done, 10
[22:59:58] [Render thread/INFO] [JourneymapClientNeoForge] Journeymap PostInit
[22:59:58] [Render thread/DEBUG] [JourneymapClient] postInitialize ENTER
[22:59:58] [Render thread/TRACE] [ThemeLoader] Initializing themes ...
[22:59:58] [Render thread/INFO] [NeoForgeHooks] ModFileLocation:file:/G:/Games/Minecraft/Instances/Stonebound%20Eternal/mods/journeymap-neoforge-1.21.1-6.0.9.jar
[22:59:58] [Render thread/DEBUG] [FileHandler] ZipFilePath:G:/Games/Minecraft/Instances/Stonebound Eternal/mods/journeymap-neoforge-1.21.1-6.0.9.jar zipEntryName:assets/journeymap/theme/victorian_ destDir:G:\Games\Minecraft\Instances\Stonebound Eternal\journeymap\icon\theme\victorian_ overWrite:true fromPath:G:/Games/Minecraft/Instances/Stonebound Eternal/mods/journeymap-neoforge-1.21.1-6.0.9.jar
[22:59:58] [Render thread/INFO] [NeoForgeHooks] ModFileLocation:file:/G:/Games/Minecraft/Instances/Stonebound%20Eternal/mods/journeymap-neoforge-1.21.1-6.0.9.jar
[22:59:58] [Render thread/DEBUG] [FileHandler] ZipFilePath:G:/Games/Minecraft/Instances/Stonebound Eternal/mods/journeymap-neoforge-1.21.1-6.0.9.jar zipEntryName:assets/journeymap/theme/flat destDir:G:\Games\Minecraft\Instances\Stonebound Eternal\journeymap\icon\theme\flat overWrite:true fromPath:G:/Games/Minecraft/Instances/Stonebound Eternal/mods/journeymap-neoforge-1.21.1-6.0.9.jar
[22:59:59] [Render thread/INFO] [NeoForgeHooks] ModFileLocation:file:/G:/Games/Minecraft/Instances/Stonebound%20Eternal/mods/journeymap-neoforge-1.21.1-6.0.9.jar
[22:59:59] [Render thread/DEBUG] [FileHandler] ZipFilePath:G:/Games/Minecraft/Instances/Stonebound Eternal/mods/journeymap-neoforge-1.21.1-6.0.9.jar zipEntryName:assets/journeymap/theme/vault_flat destDir:G:\Games\Minecraft\Instances\Stonebound Eternal\journeymap\icon\theme\vault_flat overWrite:true fromPath:G:/Games/Minecraft/Instances/Stonebound Eternal/mods/journeymap-neoforge-1.21.1-6.0.9.jar
[22:59:59] [Render thread/INFO] [NeoForgeHooks] ModFileLocation:file:/G:/Games/Minecraft/Instances/Stonebound%20Eternal/mods/journeymap-neoforge-1.21.1-6.0.9.jar
[22:59:59] [Render thread/DEBUG] [FileHandler] ZipFilePath:G:/Games/Minecraft/Instances/Stonebound Eternal/mods/journeymap-neoforge-1.21.1-6.0.9.jar zipEntryName:assets/journeymap/theme/vault destDir:G:\Games\Minecraft\Instances\Stonebound Eternal\journeymap\icon\theme\vault overWrite:true fromPath:G:/Games/Minecraft/Instances/Stonebound Eternal/mods/journeymap-neoforge-1.21.1-6.0.9.jar
[22:59:59] [Render thread/INFO] [ThemeLoader] Preloaded theme textures: 56
[22:59:59] [Render thread/INFO] [JourneymapClient] postInitialize EXIT, elapsed count 1 avg 605.04ms
[23:00:06] [Render thread/INFO] [ColorPalette] Color palette file generated for 0 blockstates in 0ms for: Default Palette
[23:02:36] [Render thread/INFO] [PlayerConnectHandler] onDisconnect: world is null
[23:03:03] [Render thread/INFO] [JourneymapClient] World UID is set to: 05f470a7-ebeb-47ad-b3ce-4b62ca4c9c7a
[23:03:03] [Render thread/INFO] [InternalStateHandler] Connection initiated with Journeymap Server: true
[23:03:03] [Render thread/INFO] [InternalStateHandler] Teleport Enabled: true
[23:03:03] [Render thread/INFO] [InternalStateHandler] Server set waypointTeleportOnly: false
[23:03:03] [Render thread/INFO] [InternalStateHandler] Server set globalWaypointTeleportOnly: false
[23:03:03] [Render thread/INFO] [InternalStateHandler] Expanded Radar Enabled: true
[23:03:03] [Render thread/INFO] [InternalStateHandler] Server Admin Enabled: true
[23:03:03] [Render thread/INFO] [InternalStateHandler] Server set show in-game beacons: true
[23:03:03] [Render thread/INFO] [InternalStateHandler] Server set waypoints allowed: true
[23:03:03] [Render thread/INFO] [InternalStateHandler] Server set Server Admin read only mode: true
[23:03:03] [Render thread/INFO] [InternalStateHandler] Server set maxSurfaceRenderDistance to: 0
[23:03:03] [Render thread/INFO] [InternalStateHandler] Server setmaxCaveRenderDistance to: 0
[23:03:03] [Render thread/INFO] [InternalStateHandler] Server set allow mutliplayer options: true
[23:03:03] [Render thread/INFO] [InternalStateHandler] Server set globalWaypointsOnly: false
[23:03:03] [Render thread/INFO] [InternalStateHandler] Server set allow radarLateralDistance options: 512
[23:03:03] [Render thread/INFO] [InternalStateHandler] Server set allow radarVerticalDistance options: 320
[23:03:03] [Render thread/INFO] [InternalStateHandler] Server set allow maxAnimalsData options: 128
[23:03:03] [Render thread/INFO] [InternalStateHandler] Server set allow maxAmbientCreaturesData options: 128
[23:03:03] [Render thread/INFO] [InternalStateHandler] Server set allow maxMobsData options: 128
[23:03:03] [Render thread/INFO] [InternalStateHandler] Server set allow maxPlayersData options: 128
[23:03:03] [Render thread/INFO] [InternalStateHandler] Server set allow maxVillagersData options: 128
[23:03:03] [Render thread/INFO] [InternalStateHandler] Server set allow playerRadarNamesEnabled options: true
[23:03:03] [Render thread/INFO] [InternalStateHandler] Server set allow minimapEnabled options: true
[23:03:03] [Render thread/INFO] [InternalStateHandler] Server set allow hideCoordinates options: false
[23:03:03] [Render thread/INFO] [HandshakePacket] JourneyMap server version: 6.0.9 (client version: 6.0.9)
[23:03:03] [Render thread/INFO] [InternalStateHandler] Connection initiated with Journeymap Server: true
[23:03:03] [Render thread/INFO] [InternalStateHandler] Teleport Enabled: true
[23:03:03] [Render thread/INFO] [InternalStateHandler] Server set waypointTeleportOnly: false
[23:03:03] [Render thread/INFO] [InternalStateHandler] Server set globalWaypointTeleportOnly: false
[23:03:03] [Render thread/INFO] [InternalStateHandler] Expanded Radar Enabled: true
[23:03:03] [Render thread/INFO] [InternalStateHandler] Server Admin Enabled: true
[23:03:03] [Render thread/INFO] [InternalStateHandler] Server set show in-game beacons: true
[23:03:03] [Render thread/INFO] [InternalStateHandler] Server set waypoints allowed: true
[23:03:03] [Render thread/INFO] [InternalStateHandler] Server set Server Admin read only mode: true
[23:03:03] [Render thread/INFO] [InternalStateHandler] Server set maxSurfaceRenderDistance to: 0
[23:03:03] [Render thread/INFO] [InternalStateHandler] Server setmaxCaveRenderDistance to: 0
[23:03:03] [Render thread/INFO] [InternalStateHandler] Server set allow mutliplayer options: true
[23:03:03] [Render thread/INFO] [InternalStateHandler] Server set globalWaypointsOnly: false
[23:03:03] [Render thread/INFO] [InternalStateHandler] Server set allow radarLateralDistance options: 512
[23:03:03] [Render thread/INFO] [InternalStateHandler] Server set allow radarVerticalDistance options: 320
[23:03:03] [Render thread/INFO] [InternalStateHandler] Server set allow maxAnimalsData options: 128
[23:03:03] [Render thread/INFO] [InternalStateHandler] Server set allow maxAmbientCreaturesData options: 128
[23:03:03] [Render thread/INFO] [InternalStateHandler] Server set allow maxMobsData options: 128
[23:03:03] [Render thread/INFO] [InternalStateHandler] Server set allow maxPlayersData options: 128
[23:03:03] [Render thread/INFO] [InternalStateHandler] Server set allow maxVillagersData options: 128
[23:03:03] [Render thread/INFO] [InternalStateHandler] Server set allow playerRadarNamesEnabled options: true
[23:03:03] [Render thread/INFO] [InternalStateHandler] Server set allow minimapEnabled options: true
[23:03:03] [Render thread/INFO] [InternalStateHandler] Server set allow hideCoordinates options: false
[23:03:03] [Render thread/INFO] [HandshakePacket] JourneyMap server version: 6.0.9 (client version: 6.0.9)
[23:03:06] [Render thread/INFO] [ChatLog] JourneyMap: Press [J]
[23:03:06] [Render thread/INFO] [ModBlockDelegate] Custom modded block handling enabled for create
[23:03:06] [Render thread/INFO] [WaypointGroupStore] Loaded 0 waypoint groups from disk.
[23:03:06] [Render thread/INFO] [LegacyWaypointFileMigrator] 0 Legacy waypoints found that need to be migrated and backed up.
[23:03:06] [Render thread/INFO] [ColorPalette] Color palette file generated for 0 blockstates in 1ms for: G:\Games\Minecraft\Instances\Stonebound Eternal\journeymap\colorpalette.json
[23:03:06] [Render thread/INFO] [ColorPalette] Color palette file generated for 0 blockstates in 0ms for: G:\Games\Minecraft\Instances\Stonebound Eternal\journeymap\data\mp\Minecraft~Server_05f470a7~ebeb~47ad~b3ce~4b62ca4c9c7a\colorpalette.json
[23:03:06] [Render thread/INFO] [JourneymapClient] Mapping started in G:\Games\Minecraft\Instances\Stonebound Eternal\journeymap\data\mp\Minecraft~Server_05f470a7~ebeb~47ad~b3ce~4b62ca4c9c7a\overworld. Memory: 16384MB total, 12018MB free 
[23:03:06] [Render thread/INFO] [JMChunkCache] JMChunkCache: opened at G:\Games\Minecraft\Instances\Stonebound Eternal\journeymap\data\mp\Minecraft~Server_05f470a7~ebeb~47ad~b3ce~4b62ca4c9c7a\overworld\chunk_cache
[23:03:06] [Render thread/INFO] [WaypointHandler] WaypointBackend selected: Server (was=null, shouldBeRemote=true, isJMServer=true, serverManagedWP=true, isServerManagedWaypointConnection=true, hasSingleplayerServer=false)
[23:03:06] [Render thread/INFO] [JourneymapClient] Mapping halted in G:\Games\Minecraft\Instances\Stonebound Eternal\journeymap\data\mp\Minecraft~Server_05f470a7~ebeb~47ad~b3ce~4b62ca4c9c7a\minecraft:overworld
[23:03:06] [Render thread/INFO] [JourneymapClient] Mapping halted in G:\Games\Minecraft\Instances\Stonebound Eternal\journeymap\data\mp\Minecraft~Server_05f470a7~ebeb~47ad~b3ce~4b62ca4c9c7a\minecraft:overworld
[23:03:06] [Render thread/INFO] [WaypointGroupStore] Loaded 0 waypoint groups from disk.
[23:03:06] [Render thread/INFO] [LegacyWaypointFileMigrator] 0 Legacy waypoints found that need to be migrated and backed up.
[23:03:06] [Render thread/INFO] [JourneymapClient] Mapping started in G:\Games\Minecraft\Instances\Stonebound Eternal\journeymap\data\mp\Minecraft~Server_05f470a7~ebeb~47ad~b3ce~4b62ca4c9c7a\overworld. Memory: 16384MB total, 11994MB free 
[23:03:06] [Render thread/INFO] [JMChunkCache] JMChunkCache: opened at G:\Games\Minecraft\Instances\Stonebound Eternal\journeymap\data\mp\Minecraft~Server_05f470a7~ebeb~47ad~b3ce~4b62ca4c9c7a\overworld\chunk_cache
[23:03:06] [Render thread/INFO] [WaypointHandler] WaypointBackend selected: Server (was=null, shouldBeRemote=true, isJMServer=true, serverManagedWP=true, isServerManagedWaypointConnection=true, hasSingleplayerServer=false)
[23:03:06] [Render thread/INFO] [InternalStateHandler] Connection initiated with Journeymap Server: true
[23:03:06] [Render thread/INFO] [InternalStateHandler] Teleport Enabled: true
[23:03:06] [Render thread/INFO] [InternalStateHandler] Server set waypointTeleportOnly: false
[23:03:06] [Render thread/INFO] [InternalStateHandler] Server set globalWaypointTeleportOnly: false
[23:03:06] [Render thread/INFO] [InternalStateHandler] Expanded Radar Enabled: true
[23:03:06] [Render thread/INFO] [InternalStateHandler] Server Admin Enabled: true
[23:03:06] [Render thread/INFO] [InternalStateHandler] Server set show in-game beacons: true
[23:03:06] [Render thread/INFO] [InternalStateHandler] Server set waypoints allowed: true
[23:03:06] [Render thread/INFO] [InternalStateHandler] Server set Server Admin read only mode: true
[23:03:06] [Render thread/INFO] [InternalStateHandler] Server set maxSurfaceRenderDistance to: 0
[23:03:06] [Render thread/INFO] [InternalStateHandler] Server setmaxCaveRenderDistance to: 0
[23:03:06] [Render thread/INFO] [InternalStateHandler] Server set allow mutliplayer options: true
[23:03:06] [Render thread/INFO] [InternalStateHandler] Server set globalWaypointsOnly: false
[23:03:06] [Render thread/INFO] [InternalStateHandler] Server set allow radarLateralDistance options: 512
[23:03:06] [Render thread/INFO] [InternalStateHandler] Server set allow radarVerticalDistance options: 320
[23:03:06] [Render thread/INFO] [InternalStateHandler] Server set allow maxAnimalsData options: 128
[23:03:06] [Render thread/INFO] [InternalStateHandler] Server set allow maxAmbientCreaturesData options: 128
[23:03:06] [Render thread/INFO] [InternalStateHandler] Server set allow maxMobsData options: 128
[23:03:06] [Render thread/INFO] [InternalStateHandler] Server set allow maxPlayersData options: 128
[23:03:06] [Render thread/INFO] [InternalStateHandler] Server set allow maxVillagersData options: 128
[23:03:06] [Render thread/INFO] [InternalStateHandler] Server set allow playerRadarNamesEnabled options: true
[23:03:06] [Render thread/INFO] [InternalStateHandler] Server set allow minimapEnabled options: true
[23:03:06] [Render thread/INFO] [InternalStateHandler] Server set allow hideCoordinates options: false
[23:03:06] [Render thread/INFO] [InternalStateHandler] Connection initiated with Journeymap Server: true
[23:03:06] [Render thread/INFO] [InternalStateHandler] Teleport Enabled: true
[23:03:06] [Render thread/INFO] [InternalStateHandler] Server set waypointTeleportOnly: false
[23:03:06] [Render thread/INFO] [InternalStateHandler] Server set globalWaypointTeleportOnly: false
[23:03:06] [Render thread/INFO] [InternalStateHandler] Expanded Radar Enabled: true
[23:03:06] [Render thread/INFO] [InternalStateHandler] Server Admin Enabled: true
[23:03:06] [Render thread/INFO] [InternalStateHandler] Server set show in-game beacons: true
[23:03:06] [Render thread/INFO] [InternalStateHandler] Server set waypoints allowed: true
[23:03:06] [Render thread/INFO] [InternalStateHandler] Server set Server Admin read only mode: true
[23:03:06] [Render thread/INFO] [InternalStateHandler] Server set maxSurfaceRenderDistance to: 0
[23:03:06] [Render thread/INFO] [InternalStateHandler] Server setmaxCaveRenderDistance to: 0
[23:03:06] [Render thread/INFO] [InternalStateHandler] Server set allow mutliplayer options: true
[23:03:06] [Render thread/INFO] [InternalStateHandler] Server set globalWaypointsOnly: false
[23:03:06] [Render thread/INFO] [InternalStateHandler] Server set allow radarLateralDistance options: 512
[23:03:06] [Render thread/INFO] [InternalStateHandler] Server set allow radarVerticalDistance options: 320
[23:03:06] [Render thread/INFO] [InternalStateHandler] Server set allow maxAnimalsData options: 128
[23:03:06] [Render thread/INFO] [InternalStateHandler] Server set allow maxAmbientCreaturesData options: 128
[23:03:06] [Render thread/INFO] [InternalStateHandler] Server set allow maxMobsData options: 128
[23:03:06] [Render thread/INFO] [InternalStateHandler] Server set allow maxPlayersData options: 128
[23:03:06] [Render thread/INFO] [InternalStateHandler] Server set allow maxVillagersData options: 128
[23:03:06] [Render thread/INFO] [InternalStateHandler] Server set allow playerRadarNamesEnabled options: true
[23:03:06] [Render thread/INFO] [InternalStateHandler] Server set allow minimapEnabled options: true
[23:03:06] [Render thread/INFO] [InternalStateHandler] Server set allow hideCoordinates options: false
[23:03:06] [Render thread/INFO] [InternalStateHandler] Connection initiated with Journeymap Server: true
[23:03:06] [Render thread/INFO] [InternalStateHandler] Teleport Enabled: true
[23:03:06] [Render thread/INFO] [InternalStateHandler] Server set waypointTeleportOnly: false
[23:03:06] [Render thread/INFO] [InternalStateHandler] Server set globalWaypointTeleportOnly: false
[23:03:06] [Render thread/INFO] [InternalStateHandler] Expanded Radar Enabled: true
[23:03:06] [Render thread/INFO] [InternalStateHandler] Server Admin Enabled: true
[23:03:06] [Render thread/INFO] [InternalStateHandler] Server set show in-game beacons: true
[23:03:06] [Render thread/INFO] [InternalStateHandler] Server set waypoints allowed: true
[23:03:06] [Render thread/INFO] [InternalStateHandler] Server set Server Admin read only mode: true
[23:03:06] [Render thread/INFO] [InternalStateHandler] Server set maxSurfaceRenderDistance to: 0
[23:03:06] [Render thread/INFO] [InternalStateHandler] Server setmaxCaveRenderDistance to: 0
[23:03:06] [Render thread/INFO] [InternalStateHandler] Server set allow mutliplayer options: true
[23:03:06] [Render thread/INFO] [InternalStateHandler] Server set globalWaypointsOnly: false
[23:03:06] [Render thread/INFO] [InternalStateHandler] Server set allow radarLateralDistance options: 512
[23:03:06] [Render thread/INFO] [InternalStateHandler] Server set allow radarVerticalDistance options: 320
[23:03:06] [Render thread/INFO] [InternalStateHandler] Server set allow maxAnimalsData options: 128
[23:03:06] [Render thread/INFO] [InternalStateHandler] Server set allow maxAmbientCreaturesData options: 128
[23:03:06] [Render thread/INFO] [InternalStateHandler] Server set allow maxMobsData options: 128
[23:03:06] [Render thread/INFO] [InternalStateHandler] Server set allow maxPlayersData options: 128
[23:03:06] [Render thread/INFO] [InternalStateHandler] Server set allow maxVillagersData options: 128
[23:03:06] [Render thread/INFO] [InternalStateHandler] Server set allow playerRadarNamesEnabled options: true
[23:03:06] [Render thread/INFO] [InternalStateHandler] Server set allow minimapEnabled options: true
[23:03:06] [Render thread/INFO] [InternalStateHandler] Server set allow hideCoordinates options: false
[23:03:06] [Render thread/INFO] [InternalStateHandler] Connection initiated with Journeymap Server: true
[23:03:06] [Render thread/INFO] [InternalStateHandler] Teleport Enabled: true
[23:03:06] [Render thread/INFO] [InternalStateHandler] Server set waypointTeleportOnly: false
[23:03:06] [Render thread/INFO] [InternalStateHandler] Server set globalWaypointTeleportOnly: false
[23:03:06] [Render thread/INFO] [InternalStateHandler] Expanded Radar Enabled: true
[23:03:06] [Render thread/INFO] [InternalStateHandler] Server Admin Enabled: true
[23:03:06] [Render thread/INFO] [InternalStateHandler] Server set show in-game beacons: true
[23:03:06] [Render thread/INFO] [InternalStateHandler] Server set waypoints allowed: true
[23:03:06] [Render thread/INFO] [InternalStateHandler] Server set Server Admin read only mode: true
[23:03:06] [Render thread/INFO] [InternalStateHandler] Server set maxSurfaceRenderDistance to: 0
[23:03:06] [Render thread/INFO] [InternalStateHandler] Server setmaxCaveRenderDistance to: 0
[23:03:06] [Render thread/INFO] [InternalStateHandler] Server set allow mutliplayer options: true
[23:03:06] [Render thread/INFO] [InternalStateHandler] Server set globalWaypointsOnly: false
[23:03:06] [Render thread/INFO] [InternalStateHandler] Server set allow radarLateralDistance options: 512
[23:03:06] [Render thread/INFO] [InternalStateHandler] Server set allow radarVerticalDistance options: 320
[23:03:06] [Render thread/INFO] [InternalStateHandler] Server set allow maxAnimalsData options: 128
[23:03:06] [Render thread/INFO] [InternalStateHandler] Server set allow maxAmbientCreaturesData options: 128
[23:03:06] [Render thread/INFO] [InternalStateHandler] Server set allow maxMobsData options: 128
[23:03:06] [Render thread/INFO] [InternalStateHandler] Server set allow maxPlayersData options: 128
[23:03:06] [Render thread/INFO] [InternalStateHandler] Server set allow maxVillagersData options: 128
[23:03:06] [Render thread/INFO] [InternalStateHandler] Server set allow playerRadarNamesEnabled options: true
[23:03:06] [Render thread/INFO] [InternalStateHandler] Server set allow minimapEnabled options: true
[23:03:06] [Render thread/INFO] [InternalStateHandler] Server set allow hideCoordinates options: false
[23:59:59] [Render thread/INFO] [StatTimer] MiniMap1.Square+refreshState hit max count, 1000000
[23:59:59] [Render thread/INFO] [StatTimer] MapState.refresh hit max count, 1000000
[23:59:59] [Render thread/INFO] [StatTimer] EntityHelper.getPlayersNearby hit max count, 1000000
[23:59:59] [Render thread/INFO] [StatTimer] MapState.generateDrawSteps hit max count, 1000000
[00:14:41] [Render thread/INFO] [TextureCache] [JourneyMap]: Purging Theme Images
[00:14:41] [Render thread/INFO] [TextureCache] [JourneyMap]: Purging Region Images
[00:14:41] [Render thread/INFO] [TextureCache] [JourneyMap]: Purging Mob Icon Images
[00:14:41] [Render thread/INFO] [WaypointGroupStore] Loaded 0 waypoint groups from disk.
[00:14:41] [Render thread/INFO] [WaypointStore] Loaded 0 waypoints from disk.
[00:14:41] [Render thread/INFO] [LegacyWaypointFileMigrator] 0 Legacy waypoints found that need to be migrated and backed up.
[00:14:41] [Render thread/INFO] [WaypointHandler] WaypointBackend selected: Server (was=null, shouldBeRemote=true, isJMServer=true, serverManagedWP=true, isServerManagedWaypointConnection=true, hasSingleplayerServer=false)
[00:14:41] [Render thread/INFO] [JourneymapClient] Mapping halted in G:\Games\Minecraft\Instances\Stonebound Eternal\journeymap\data\mp\Minecraft~Server_05f470a7~ebeb~47ad~b3ce~4b62ca4c9c7a\minecraft:overworld
[00:14:41] [Render thread/INFO] [JourneymapClient] Mapping halted in G:\Games\Minecraft\Instances\Stonebound Eternal\journeymap\data\mp\Minecraft~Server_05f470a7~ebeb~47ad~b3ce~4b62ca4c9c7a\minecraft:overworld
[00:14:41] [Render thread/INFO] [WaypointHandler] WaypointBackend selected: Client (was=Server, shouldBeRemote=false, isJMServer=false, serverManagedWP=false, isServerManagedWaypointConnection=false, hasSingleplayerServer=false)
[00:14:41] [Render thread/INFO] [JourneymapClient] World UID is set to: null
[00:14:54] [Render thread/INFO] [PlayerConnectHandler] onDisconnect: world is null
[00:15:06] [Render thread/INFO] [WaypointGroupStore] Loaded 0 waypoint groups from disk.
[00:15:06] [Render thread/INFO] [WaypointStore] Loaded 0 waypoints from disk.
[00:15:06] [Render thread/INFO] [LegacyWaypointFileMigrator] 0 Legacy waypoints found that need to be migrated and backed up.
[00:15:06] [Render thread/INFO] [ColorPalette] Color palette file generated for 0 blockstates in 2ms for: G:\Games\Minecraft\Instances\Stonebound Eternal\journeymap\colorpalette.json
[00:15:06] [Render thread/INFO] [ColorPalette] Color palette file generated for 0 blockstates in 0ms for: G:\Games\Minecraft\Instances\Stonebound Eternal\journeymap\data\mp\Minecraft~Server\colorpalette.json
[00:15:06] [Render thread/INFO] [JourneymapClient] Mapping started in G:\Games\Minecraft\Instances\Stonebound Eternal\journeymap\data\mp\Minecraft~Server\overworld. Memory: 15990MB total, 7402MB free 
[00:15:06] [Render thread/INFO] [JMChunkCache] JMChunkCache: opened at G:\Games\Minecraft\Instances\Stonebound Eternal\journeymap\data\mp\Minecraft~Server\overworld\chunk_cache
[00:15:06] [Render thread/INFO] [WaypointHandler] WaypointBackend selected: Client (was=null, shouldBeRemote=false, isJMServer=false, serverManagedWP=false, isServerManagedWaypointConnection=false, hasSingleplayerServer=false)
[00:15:10] [Render thread/INFO] [JourneymapClient] Mapping halted in G:\Games\Minecraft\Instances\Stonebound Eternal\journeymap\data\mp\Minecraft~Server\minecraft:overworld
[00:15:10] [Render thread/INFO] [JourneymapClient] Mapping halted in G:\Games\Minecraft\Instances\Stonebound Eternal\journeymap\data\mp\Minecraft~Server\minecraft:overworld
[00:15:10] [Render thread/INFO] [JourneymapClient] World UID is set to: 05f470a7-ebeb-47ad-b3ce-4b62ca4c9c7a
[00:15:10] [Render thread/INFO] [InternalStateHandler] Connection initiated with Journeymap Server: true
[00:15:10] [Render thread/INFO] [InternalStateHandler] Teleport Enabled: true
[00:15:10] [Render thread/INFO] [InternalStateHandler] Server set waypointTeleportOnly: false
[00:15:10] [Render thread/INFO] [InternalStateHandler] Server set globalWaypointTeleportOnly: false
[00:15:10] [Render thread/INFO] [InternalStateHandler] Expanded Radar Enabled: true
[00:15:10] [Render thread/INFO] [InternalStateHandler] Server Admin Enabled: true
[00:15:10] [Render thread/INFO] [InternalStateHandler] Server set show in-game beacons: true
[00:15:10] [Render thread/INFO] [InternalStateHandler] Server set waypoints allowed: true
[00:15:10] [Render thread/INFO] [InternalStateHandler] Server set Server Admin read only mode: true
[00:15:10] [Render thread/INFO] [InternalStateHandler] Server set maxSurfaceRenderDistance to: 0
[00:15:10] [Render thread/INFO] [InternalStateHandler] Server setmaxCaveRenderDistance to: 0
[00:15:10] [Render thread/INFO] [InternalStateHandler] Server set allow mutliplayer options: true
[00:15:10] [Render thread/INFO] [InternalStateHandler] Server set globalWaypointsOnly: false
[00:15:10] [Render thread/INFO] [InternalStateHandler] Server set allow radarLateralDistance options: 512
[00:15:10] [Render thread/INFO] [InternalStateHandler] Server set allow radarVerticalDistance options: 320
[00:15:10] [Render thread/INFO] [InternalStateHandler] Server set allow maxAnimalsData options: 128
[00:15:10] [Render thread/INFO] [InternalStateHandler] Server set allow maxAmbientCreaturesData options: 128
[00:15:10] [Render thread/INFO] [InternalStateHandler] Server set allow maxMobsData options: 128
[00:15:10] [Render thread/INFO] [InternalStateHandler] Server set allow maxPlayersData options: 128
[00:15:10] [Render thread/INFO] [InternalStateHandler] Server set allow maxVillagersData options: 128
[00:15:10] [Render thread/INFO] [InternalStateHandler] Server set allow playerRadarNamesEnabled options: true
[00:15:10] [Render thread/INFO] [InternalStateHandler] Server set allow minimapEnabled options: true
[00:15:10] [Render thread/INFO] [InternalStateHandler] Server set allow hideCoordinates options: false
[00:15:11] [Render thread/INFO] [HandshakePacket] JourneyMap server version: 6.0.9 (client version: 6.0.9)
[00:15:11] [Render thread/INFO] [InternalStateHandler] Connection initiated with Journeymap Server: true
[00:15:11] [Render thread/INFO] [InternalStateHandler] Teleport Enabled: true
[00:15:11] [Render thread/INFO] [InternalStateHandler] Server set waypointTeleportOnly: false
[00:15:11] [Render thread/INFO] [InternalStateHandler] Server set globalWaypointTeleportOnly: false
[00:15:11] [Render thread/INFO] [InternalStateHandler] Expanded Radar Enabled: true
[00:15:11] [Render thread/INFO] [InternalStateHandler] Server Admin Enabled: true
[00:15:11] [Render thread/INFO] [InternalStateHandler] Server set show in-game beacons: true
[00:15:11] [Render thread/INFO] [InternalStateHandler] Server set waypoints allowed: true
[00:15:11] [Render thread/INFO] [InternalStateHandler] Server set Server Admin read only mode: true
[00:15:11] [Render thread/INFO] [InternalStateHandler] Server set maxSurfaceRenderDistance to: 0
[00:15:11] [Render thread/INFO] [InternalStateHandler] Server setmaxCaveRenderDistance to: 0
[00:15:11] [Render thread/INFO] [InternalStateHandler] Server set allow mutliplayer options: true
[00:15:11] [Render thread/INFO] [InternalStateHandler] Server set globalWaypointsOnly: false
[00:15:11] [Render thread/INFO] [InternalStateHandler] Server set allow radarLateralDistance options: 512
[00:15:11] [Render thread/INFO] [InternalStateHandler] Server set allow radarVerticalDistance options: 320
[00:15:11] [Render thread/INFO] [InternalStateHandler] Server set allow maxAnimalsData options: 128
[00:15:11] [Render thread/INFO] [InternalStateHandler] Server set allow maxAmbientCreaturesData options: 128
[00:15:11] [Render thread/INFO] [InternalStateHandler] Server set allow maxMobsData options: 128
[00:15:11] [Render thread/INFO] [InternalStateHandler] Server set allow maxPlayersData options: 128
[00:15:11] [Render thread/INFO] [InternalStateHandler] Server set allow maxVillagersData options: 128
[00:15:11] [Render thread/INFO] [InternalStateHandler] Server set allow playerRadarNamesEnabled options: true
[00:15:11] [Render thread/INFO] [InternalStateHandler] Server set allow minimapEnabled options: true
[00:15:11] [Render thread/INFO] [InternalStateHandler] Server set allow hideCoordinates options: false
[00:15:11] [Render thread/INFO] [HandshakePacket] JourneyMap server version: 6.0.9 (client version: 6.0.9)
[00:15:11] [Render thread/INFO] [InternalStateHandler] Connection initiated with Journeymap Server: true
[00:15:11] [Render thread/INFO] [InternalStateHandler] Teleport Enabled: true
[00:15:11] [Render thread/INFO] [InternalStateHandler] Server set waypointTeleportOnly: false
[00:15:11] [Render thread/INFO] [InternalStateHandler] Server set globalWaypointTeleportOnly: false
[00:15:11] [Render thread/INFO] [InternalStateHandler] Expanded Radar Enabled: true
[00:15:11] [Render thread/INFO] [InternalStateHandler] Server Admin Enabled: true
[00:15:11] [Render thread/INFO] [InternalStateHandler] Server set show in-game beacons: true
[00:15:11] [Render thread/INFO] [InternalStateHandler] Server set waypoints allowed: true
[00:15:11] [Render thread/INFO] [InternalStateHandler] Server set Server Admin read only mode: true
[00:15:11] [Render thread/INFO] [InternalStateHandler] Server set maxSurfaceRenderDistance to: 0
[00:15:11] [Render thread/INFO] [InternalStateHandler] Server setmaxCaveRenderDistance to: 0
[00:15:11] [Render thread/INFO] [InternalStateHandler] Server set allow mutliplayer options: true
[00:15:11] [Render thread/INFO] [InternalStateHandler] Server set globalWaypointsOnly: false
[00:15:11] [Render thread/INFO] [InternalStateHandler] Server set allow radarLateralDistance options: 512
[00:15:11] [Render thread/INFO] [InternalStateHandler] Server set allow radarVerticalDistance options: 320
[00:15:11] [Render thread/INFO] [InternalStateHandler] Server set allow maxAnimalsData options: 128
[00:15:11] [Render thread/INFO] [InternalStateHandler] Server set allow maxAmbientCreaturesData options: 128
[00:15:11] [Render thread/INFO] [InternalStateHandler] Server set allow maxMobsData options: 128
[00:15:11] [Render thread/INFO] [InternalStateHandler] Server set allow maxPlayersData options: 128
[00:15:11] [Render thread/INFO] [InternalStateHandler] Server set allow maxVillagersData options: 128
[00:15:11] [Render thread/INFO] [InternalStateHandler] Server set allow playerRadarNamesEnabled options: true
[00:15:11] [Render thread/INFO] [InternalStateHandler] Server set allow minimapEnabled options: true
[00:15:11] [Render thread/INFO] [InternalStateHandler] Server set allow hideCoordinates options: false
[00:15:11] [Render thread/INFO] [WaypointGroupStore] Loaded 0 waypoint groups from disk.
[00:15:11] [Render thread/INFO] [LegacyWaypointFileMigrator] 0 Legacy waypoints found that need to be migrated and backed up.
[00:15:11] [Render thread/INFO] [JourneymapClient] Mapping started in G:\Games\Minecraft\Instances\Stonebound Eternal\journeymap\data\mp\Minecraft~Server_05f470a7~ebeb~47ad~b3ce~4b62ca4c9c7a\overworld. Memory: 16022MB total, 1924MB free 
[00:15:11] [Render thread/INFO] [JMChunkCache] JMChunkCache: opened at G:\Games\Minecraft\Instances\Stonebound Eternal\journeymap\data\mp\Minecraft~Server_05f470a7~ebeb~47ad~b3ce~4b62ca4c9c7a\overworld\chunk_cache
[00:15:11] [Render thread/INFO] [WaypointHandler] WaypointBackend selected: Server (was=null, shouldBeRemote=true, isJMServer=true, serverManagedWP=true, isServerManagedWaypointConnection=true, hasSingleplayerServer=false)
[00:15:11] [Render thread/INFO] [InternalStateHandler] Connection initiated with Journeymap Server: true
[00:15:11] [Render thread/INFO] [InternalStateHandler] Teleport Enabled: true
[00:15:11] [Render thread/INFO] [InternalStateHandler] Server set waypointTeleportOnly: false
[00:15:11] [Render thread/INFO] [InternalStateHandler] Server set globalWaypointTeleportOnly: false
[00:15:11] [Render thread/INFO] [InternalStateHandler] Expanded Radar Enabled: true
[00:15:11] [Render thread/INFO] [InternalStateHandler] Server Admin Enabled: true
[00:15:11] [Render thread/INFO] [InternalStateHandler] Server set show in-game beacons: true
[00:15:11] [Render thread/INFO] [InternalStateHandler] Server set waypoints allowed: true
[00:15:11] [Render thread/INFO] [InternalStateHandler] Server set Server Admin read only mode: true
[00:15:11] [Render thread/INFO] [InternalStateHandler] Server set maxSurfaceRenderDistance to: 0
[00:15:11] [Render thread/INFO] [InternalStateHandler] Server setmaxCaveRenderDistance to: 0
[00:15:11] [Render thread/INFO] [InternalStateHandler] Server set allow mutliplayer options: true
[00:15:11] [Render thread/INFO] [InternalStateHandler] Server set globalWaypointsOnly: false
[00:15:11] [Render thread/INFO] [InternalStateHandler] Server set allow radarLateralDistance options: 512
[00:15:11] [Render thread/INFO] [InternalStateHandler] Server set allow radarVerticalDistance options: 320
[00:15:11] [Render thread/INFO] [InternalStateHandler] Server set allow maxAnimalsData options: 128
[00:15:11] [Render thread/INFO] [InternalStateHandler] Server set allow maxAmbientCreaturesData options: 128
[00:15:11] [Render thread/INFO] [InternalStateHandler] Server set allow maxMobsData options: 128
[00:15:11] [Render thread/INFO] [InternalStateHandler] Server set allow maxPlayersData options: 128
[00:15:11] [Render thread/INFO] [InternalStateHandler] Server set allow maxVillagersData options: 128
[00:15:11] [Render thread/INFO] [InternalStateHandler] Server set allow playerRadarNamesEnabled options: true
[00:15:11] [Render thread/INFO] [InternalStateHandler] Server set allow minimapEnabled options: true
[00:15:11] [Render thread/INFO] [InternalStateHandler] Server set allow hideCoordinates options: false
[00:15:11] [Render thread/INFO] [InternalStateHandler] Connection initiated with Journeymap Server: true
[00:15:11] [Render thread/INFO] [InternalStateHandler] Teleport Enabled: true
[00:15:11] [Render thread/INFO] [InternalStateHandler] Server set waypointTeleportOnly: false
[00:15:11] [Render thread/INFO] [InternalStateHandler] Server set globalWaypointTeleportOnly: false
[00:15:11] [Render thread/INFO] [InternalStateHandler] Expanded Radar Enabled: true
[00:15:11] [Render thread/INFO] [InternalStateHandler] Server Admin Enabled: true
[00:15:11] [Render thread/INFO] [InternalStateHandler] Server set show in-game beacons: true
[00:15:11] [Render thread/INFO] [InternalStateHandler] Server set waypoints allowed: true
[00:15:11] [Render thread/INFO] [InternalStateHandler] Server set Server Admin read only mode: true
[00:15:11] [Render thread/INFO] [InternalStateHandler] Server set maxSurfaceRenderDistance to: 0
[00:15:11] [Render thread/INFO] [InternalStateHandler] Server setmaxCaveRenderDistance to: 0
[00:15:11] [Render thread/INFO] [InternalStateHandler] Server set allow mutliplayer options: true
[00:15:11] [Render thread/INFO] [InternalStateHandler] Server set globalWaypointsOnly: false
[00:15:11] [Render thread/INFO] [InternalStateHandler] Server set allow radarLateralDistance options: 512
[00:15:11] [Render thread/INFO] [InternalStateHandler] Server set allow radarVerticalDistance options: 320
[00:15:11] [Render thread/INFO] [InternalStateHandler] Server set allow maxAnimalsData options: 128
[00:15:11] [Render thread/INFO] [InternalStateHandler] Server set allow maxAmbientCreaturesData options: 128
[00:15:11] [Render thread/INFO] [InternalStateHandler] Server set allow maxMobsData options: 128
[00:15:11] [Render thread/INFO] [InternalStateHandler] Server set allow maxPlayersData options: 128
[00:15:11] [Render thread/INFO] [InternalStateHandler] Server set allow maxVillagersData options: 128
[00:15:11] [Render thread/INFO] [InternalStateHandler] Server set allow playerRadarNamesEnabled options: true
[00:15:11] [Render thread/INFO] [InternalStateHandler] Server set allow minimapEnabled options: true
[00:15:11] [Render thread/INFO] [InternalStateHandler] Server set allow hideCoordinates options: false
[00:18:51] [Render thread/INFO] [TextureCache] [JourneyMap]: Purging Theme Images
[00:18:51] [Render thread/INFO] [TextureCache] [JourneyMap]: Purging Region Images
[00:18:51] [Render thread/INFO] [TextureCache] [JourneyMap]: Purging Mob Icon Images
[00:18:51] [Render thread/INFO] [WaypointGroupStore] Loaded 0 waypoint groups from disk.
[00:18:51] [Render thread/INFO] [WaypointStore] Loaded 0 waypoints from disk.
[00:18:51] [Render thread/INFO] [LegacyWaypointFileMigrator] 0 Legacy waypoints found that need to be migrated and backed up.
[00:18:51] [Render thread/INFO] [WaypointHandler] WaypointBackend selected: Server (was=null, shouldBeRemote=true, isJMServer=true, serverManagedWP=true, isServerManagedWaypointConnection=true, hasSingleplayerServer=false)
[00:18:51] [Render thread/INFO] [JourneymapClient] Mapping halted in G:\Games\Minecraft\Instances\Stonebound Eternal\journeymap\data\mp\Minecraft~Server_05f470a7~ebeb~47ad~b3ce~4b62ca4c9c7a\minecraft:overworld
[00:18:51] [Render thread/INFO] [JourneymapClient] Mapping halted in G:\Games\Minecraft\Instances\Stonebound Eternal\journeymap\data\mp\Minecraft~Server_05f470a7~ebeb~47ad~b3ce~4b62ca4c9c7a\minecraft:overworld
[00:18:51] [Render thread/INFO] [WaypointHandler] WaypointBackend selected: Client (was=Server, shouldBeRemote=false, isJMServer=false, serverManagedWP=false, isServerManagedWaypointConnection=false, hasSingleplayerServer=false)
[00:18:51] [Render thread/INFO] [JourneymapClient] World UID is set to: null
[00:18:52] [Render thread/INFO] [PlayerConnectHandler] onDisconnect: world is null
